Archive member included to satisfy reference by file (symbol)

C:/ST/STM32CubeIDE_1.13.2/STM32CubeIDE/plugins/com.st.stm32cube.ide.mcu.externaltools.gnu-tools-for-stm32.11.3.rel1.win32_1.1.1.202309131626/tools/bin/../lib/gcc/arm-none-eabi/11.3.1/../../../../arm-none-eabi/lib/thumb/v7-m/nofp\libc_nano.a(libc_a-exit.o)
                              C:/ST/STM32CubeIDE_1.13.2/STM32CubeIDE/plugins/com.st.stm32cube.ide.mcu.externaltools.gnu-tools-for-stm32.11.3.rel1.win32_1.1.1.202309131626/tools/bin/../lib/gcc/arm-none-eabi/11.3.1/../../../../arm-none-eabi/lib/thumb/v7-m/nofp/crt0.o (exit)
C:/ST/STM32CubeIDE_1.13.2/STM32CubeIDE/plugins/com.st.stm32cube.ide.mcu.externaltools.gnu-tools-for-stm32.11.3.rel1.win32_1.1.1.202309131626/tools/bin/../lib/gcc/arm-none-eabi/11.3.1/../../../../arm-none-eabi/lib/thumb/v7-m/nofp\libc_nano.a(libc_a-findfp.o)
                              C:/ST/STM32CubeIDE_1.13.2/STM32CubeIDE/plugins/com.st.stm32cube.ide.mcu.externaltools.gnu-tools-for-stm32.11.3.rel1.win32_1.1.1.202309131626/tools/bin/../lib/gcc/arm-none-eabi/11.3.1/../../../../arm-none-eabi/lib/thumb/v7-m/nofp\libc_nano.a(libc_a-exit.o) (__stdio_exit_handler)
C:/ST/STM32CubeIDE_1.13.2/STM32CubeIDE/plugins/com.st.stm32cube.ide.mcu.externaltools.gnu-tools-for-stm32.11.3.rel1.win32_1.1.1.202309131626/tools/bin/../lib/gcc/arm-none-eabi/11.3.1/../../../../arm-none-eabi/lib/thumb/v7-m/nofp\libc_nano.a(libc_a-fwalk.o)
                              C:/ST/STM32CubeIDE_1.13.2/STM32CubeIDE/plugins/com.st.stm32cube.ide.mcu.externaltools.gnu-tools-for-stm32.11.3.rel1.win32_1.1.1.202309131626/tools/bin/../lib/gcc/arm-none-eabi/11.3.1/../../../../arm-none-eabi/lib/thumb/v7-m/nofp\libc_nano.a(libc_a-findfp.o) (_fwalk_sglue)
C:/ST/STM32CubeIDE_1.13.2/STM32CubeIDE/plugins/com.st.stm32cube.ide.mcu.externaltools.gnu-tools-for-stm32.11.3.rel1.win32_1.1.1.202309131626/tools/bin/../lib/gcc/arm-none-eabi/11.3.1/../../../../arm-none-eabi/lib/thumb/v7-m/nofp\libc_nano.a(libc_a-stdio.o)
                              C:/ST/STM32CubeIDE_1.13.2/STM32CubeIDE/plugins/com.st.stm32cube.ide.mcu.externaltools.gnu-tools-for-stm32.11.3.rel1.win32_1.1.1.202309131626/tools/bin/../lib/gcc/arm-none-eabi/11.3.1/../../../../arm-none-eabi/lib/thumb/v7-m/nofp\libc_nano.a(libc_a-findfp.o) (__sread)
C:/ST/STM32CubeIDE_1.13.2/STM32CubeIDE/plugins/com.st.stm32cube.ide.mcu.externaltools.gnu-tools-for-stm32.11.3.rel1.win32_1.1.1.202309131626/tools/bin/../lib/gcc/arm-none-eabi/11.3.1/../../../../arm-none-eabi/lib/thumb/v7-m/nofp\libc_nano.a(libc_a-memset.o)
                              C:/ST/STM32CubeIDE_1.13.2/STM32CubeIDE/plugins/com.st.stm32cube.ide.mcu.externaltools.gnu-tools-for-stm32.11.3.rel1.win32_1.1.1.202309131626/tools/bin/../lib/gcc/arm-none-eabi/11.3.1/../../../../arm-none-eabi/lib/thumb/v7-m/nofp/crt0.o (memset)
C:/ST/STM32CubeIDE_1.13.2/STM32CubeIDE/plugins/com.st.stm32cube.ide.mcu.externaltools.gnu-tools-for-stm32.11.3.rel1.win32_1.1.1.202309131626/tools/bin/../lib/gcc/arm-none-eabi/11.3.1/../../../../arm-none-eabi/lib/thumb/v7-m/nofp\libc_nano.a(libc_a-closer.o)
                              C:/ST/STM32CubeIDE_1.13.2/STM32CubeIDE/plugins/com.st.stm32cube.ide.mcu.externaltools.gnu-tools-for-stm32.11.3.rel1.win32_1.1.1.202309131626/tools/bin/../lib/gcc/arm-none-eabi/11.3.1/../../../../arm-none-eabi/lib/thumb/v7-m/nofp\libc_nano.a(libc_a-stdio.o) (_close_r)
C:/ST/STM32CubeIDE_1.13.2/STM32CubeIDE/plugins/com.st.stm32cube.ide.mcu.externaltools.gnu-tools-for-stm32.11.3.rel1.win32_1.1.1.202309131626/tools/bin/../lib/gcc/arm-none-eabi/11.3.1/../../../../arm-none-eabi/lib/thumb/v7-m/nofp\libc_nano.a(libc_a-reent.o)
                              C:/ST/STM32CubeIDE_1.13.2/STM32CubeIDE/plugins/com.st.stm32cube.ide.mcu.externaltools.gnu-tools-for-stm32.11.3.rel1.win32_1.1.1.202309131626/tools/bin/../lib/gcc/arm-none-eabi/11.3.1/../../../../arm-none-eabi/lib/thumb/v7-m/nofp\libc_nano.a(libc_a-closer.o) (errno)
C:/ST/STM32CubeIDE_1.13.2/STM32CubeIDE/plugins/com.st.stm32cube.ide.mcu.externaltools.gnu-tools-for-stm32.11.3.rel1.win32_1.1.1.202309131626/tools/bin/../lib/gcc/arm-none-eabi/11.3.1/../../../../arm-none-eabi/lib/thumb/v7-m/nofp\libc_nano.a(libc_a-impure.o)
                              C:/ST/STM32CubeIDE_1.13.2/STM32CubeIDE/plugins/com.st.stm32cube.ide.mcu.externaltools.gnu-tools-for-stm32.11.3.rel1.win32_1.1.1.202309131626/tools/bin/../lib/gcc/arm-none-eabi/11.3.1/../../../../arm-none-eabi/lib/thumb/v7-m/nofp\libc_nano.a(libc_a-reent.o) (_impure_ptr)
C:/ST/STM32CubeIDE_1.13.2/STM32CubeIDE/plugins/com.st.stm32cube.ide.mcu.externaltools.gnu-tools-for-stm32.11.3.rel1.win32_1.1.1.202309131626/tools/bin/../lib/gcc/arm-none-eabi/11.3.1/../../../../arm-none-eabi/lib/thumb/v7-m/nofp\libc_nano.a(libc_a-lseekr.o)
[...]
Memory Configuration

Name             Origin             Length             Attributes
RAM              0x0000000020000000 0x0000000000002800 xrw
FLASH            0x0000000008000000 0x0000000000008000 xr
*default*        0x0000000000000000 0xffffffffffffffff

Linker script and memory map

LOAD C:/ST/STM32CubeIDE_1.13.2/STM32CubeIDE/plugins/com.st.stm32cube.ide.mcu.externaltools.gnu-tools-for-stm32.11.3.rel1.win32_1.1.1.202309131626/tools/bin/../lib/gcc/arm-none-eabi/11.3.1/thumb/v7-m/nofp/crti.o
LOAD C:/ST/STM32CubeIDE_1.13.2/STM32CubeIDE/plugins/com.st.stm32cube.ide.mcu.externaltools.gnu-tools-for-stm32.11.3.rel1.win32_1.1.1.202309131626/tools/bin/../lib/gcc/arm-none-eabi/11.3.1/thumb/v7-m/nofp/crtbegin.o
LOAD C:/ST/STM32CubeIDE_1.13.2/STM32CubeIDE/plugins/com.st.stm32cube.ide.mcu.externaltools.gnu-tools-for-stm32.11.3.rel1.win32_1.1.1.202309131626/tools/bin/../lib/gcc/arm-none-eabi/11.3.1/../../../../arm-none-eabi/lib/thumb/v7-m/nofp/crt0.o
LOAD ./Core/Src/7segmentLED.o
LOAD ./Core/Src/button.o
LOAD ./Core/Src/fsm_traffic.o
LOAD ./Core/Src/main.o
LOAD ./Core/Src/stm32f1xx_hal_msp.o
LOAD ./Core/Src/stm32f1xx_it.o
LOAD ./Core/Src/syscalls.o
LOAD ./Core/Src/sysmem.o
LOAD ./Core/Src/system_stm32f1xx.o
LOAD ./Core/Src/timer.o
LOAD ./Core/Startup/startup_stm32f103c6tx.o
LOAD ./Drivers/STM32F1xx_HAL_Driver/Src/stm32f1xx_hal.o
LOAD ./Drivers/STM32F1xx_HAL_Driver/Src/stm32f1xx_hal_cortex.o
LOAD ./Drivers/STM32F1xx_HAL_Driver/Src/stm32f1xx_hal_dma.o
LOAD ./Drivers/STM32F1xx_HAL_Driver/Src/stm32f1xx_hal_exti.o
LOAD ./Drivers/STM32F1xx_HAL_Driver/Src/stm32f1xx_hal_flash.o
LOAD ./Drivers/STM32F1xx_HAL_Driver/Src/stm32f1xx_hal_flash_ex.o
LOAD ./Drivers/STM32F1xx_HAL_Driver/Src/stm32f1xx_hal_gpio.o
LOAD ./Drivers/STM32F1xx_HAL_Driver/Src/stm32f1xx_hal_gpio_ex.o
LOAD ./Drivers/STM32F1xx_HAL_Driver/Src/stm32f1xx_hal_pwr.o
LOAD ./Drivers/STM32F1xx_HAL_Driver/Src/stm32f1xx_hal_rcc.o
LOAD ./Drivers/STM32F1xx_HAL_Driver/Src/stm32f1xx_hal_rcc_ex.o
LOAD ./Drivers/STM32F1xx_HAL_Driver/Src/stm32f1xx_hal_tim.o
LOAD ./Drivers/STM32F1xx_HAL_Driver/Src/stm32f1xx_hal_tim_ex.o
START GROUP
LOAD C:/ST/STM32CubeIDE_1.13.2/STM32CubeIDE/plugins/com.st.stm32cube.ide.mcu.externaltools.gnu-tools-for-stm32.11.3.rel1.win32_1.1.1.202309131626/tools/bin/../lib/gcc/arm-none-eabi/11.3.1/../../../../arm-none-eabi/lib/thumb/v7-m/nofp\libc_nano.a
LOAD C:/ST/STM32CubeIDE_1.13.2/STM32CubeIDE/plugins/com.st.stm32cube.ide.mcu.externaltools.gnu-tools-for-stm32.11.3.rel1.win32_1.1.1.202309131626/tools/bin/../lib/gcc/arm-none-eabi/11.3.1/../../../../arm-none-eabi/lib/thumb/v7-m/nofp\libm.a
END GROUP
START GROUP
LOAD C:/ST/STM32CubeIDE_1.13.2/STM32CubeIDE/plugins/com.st.stm32cube.ide.mcu.externaltools.gnu-tools-for-stm32.11.3.rel1.win32_1.1.1.202309131626/tools/bin/../lib/gcc/arm-none-eabi/11.3.1/thumb/v7-m/nofp\libgcc.a
LOAD C:/ST/STM32CubeIDE_1.13.2/STM32CubeIDE/plugins/com.st.stm32cube.ide.mcu.externaltools.gnu-tools-for-stm32.11.3.rel1.win32_1.1.1.202309131626/tools/bin/../lib/gcc/arm-none-eabi/11.3.1/../../../../arm-none-eabi/lib/thumb/v7-m/nofp\libc_nano.a
END GROUP
START GROUP
LOAD C:/ST/STM32CubeIDE_1.13.2/STM32CubeIDE/plugins/com.st.stm32cube.ide.mcu.externaltools.gnu-tools-for-stm32.11.3.rel1.win32_1.1.1.202309131626/tools/bin/../lib/gcc/arm-none-eabi/11.3.1/thumb/v7-m/nofp\libgcc.a
LOAD C:/ST/STM32CubeIDE_1.13.2/STM32CubeIDE/plugins/com.st.stm32cube.ide.mcu.externaltools.gnu-tools-for-stm32.11.3.rel1.win32_1.1.1.202309131626/tools/bin/../lib/gcc/arm-none-eabi/11.3.1/../../../../arm-none-eabi/lib/thumb/v7-m/nofp\libc_nano.a
LOAD C:/ST/STM32CubeIDE_1.13.2/STM32CubeIDE/plugins/com.st.stm32cube.ide.mcu.externaltools.gnu-tools-for-stm32.11.3.rel1.win32_1.1.1.202309131626/tools/bin/../lib/gcc/arm-none-eabi/11.3.1/../../../../arm-none-eabi/lib/thumb/v7-m/nofp\libnosys.a
END GROUP
START GROUP
LOAD C:/ST/STM32CubeIDE_1.13.2/STM32CubeIDE/plugins/com.st.stm32cube.ide.mcu.externaltools.gnu-tools-for-stm32.11.3.rel1.win32_1.1.1.202309131626/tools/bin/../lib/gcc/arm-none-eabi/11.3.1/thumb/v7-m/nofp\libgcc.a
LOAD C:/ST/STM32CubeIDE_1.13.2/STM32CubeIDE/plugins/com.st.stm32cube.ide.mcu.externaltools.gnu-tools-for-stm32.11.3.rel1.win32_1.1.1.202309131626/tools/bin/../lib/gcc/arm-none-eabi/11.3.1/../../../../arm-none-eabi/lib/thumb/v7-m/nofp\libc_nano.a
LOAD C:/ST/STM32CubeIDE_1.13.2/STM32CubeIDE/plugins/com.st.stm32cube.ide.mcu.externaltools.gnu-tools-for-stm32.11.3.rel1.win32_1.1.1.202309131626/tools/bin/../lib/gcc/arm-none-eabi/11.3.1/../../../../arm-none-eabi/lib/thumb/v7-m/nofp\libnosys.a
END GROUP
LOAD C:/ST/STM32CubeIDE_1.13.2/STM32CubeIDE/plugins/com.st.stm32cube.ide.mcu.externaltools.gnu-tools-for-stm32.11.3.rel1.win32_1.1.1.202309131626/tools/bin/../lib/gcc/arm-none-eabi/11.3.1/thumb/v7-m/nofp/crtend.o
LOAD C:/ST/STM32CubeIDE_1.13.2/STM32CubeIDE/plugins/com.st.stm32cube.ide.mcu.externaltools.gnu-tools-for-stm32.11.3.rel1.win32_1.1.1.202309131626/tools/bin/../lib/gcc/arm-none-eabi/11.3.1/thumb/v7-m/nofp/crtn.o
                0x0000000020002800                _estack = (ORIGIN (RAM) + LENGTH (RAM))
                0x0000000000000200                _Min_Heap_Size = 0x200
                0x0000000000000400                _Min_Stack_Size = 0x400

.isr_vector     0x0000000008000000      0x10c
                0x0000000008000000                . = ALIGN (0x4)
 *(.isr_vector)
 .isr_vector    0x0000000008000000      0x10c ./Core/Startup/startup_stm32f103c6tx.o
                0x0000000008000000                g_pfnVectors
                0x000000000800010c                . = ALIGN (0x4)

.text           0x000000000800010c     0x254c
                0x000000000800010c                . = ALIGN (0x4)
 *(.text)
 .text          0x000000000800010c       0x40 C:/ST/STM32CubeIDE_1.13.2/STM32CubeIDE/plugins/com.st.stm32cube.ide.mcu.externaltools.gnu-tools-for-stm32.11.3.rel1.win32_1.1.1.202309131626/tools/bin/../lib/gcc/arm-none-eabi/11.3.1/thumb/v7-m/nofp/crtbegin.o
 *(.text*)
 .text.displayNumber
                0x000000000800014c       0x94 ./Core/Src/7segmentLED.o
                0x000000000800014c                displayNumber
 .text.display7Seg
                0x00000000080001e0       0xbc ./Core/Src/7segmentLED.o
                0x00000000080001e0                display7Seg
 .text.isButtonPress
                0x000000000800029c       0x34 ./Core/Src/button.o
                0x000000000800029c                isButtonPress
 .text.button_reading
                0x00000000080002d0      0x1f0 ./Core/Src/button.o
                0x00000000080002d0                button_reading
 .text.clearAllLED
                0x00000000080004c0       0x48 ./Core/Src/fsm_traffic.o
                0x00000000080004c0                clearAllLED
 .text.run_traffic
                0x0000000008000508      0x164 ./Core/Src/fsm_traffic.o
                0x0000000008000508                run_traffic
 .text.update7SEG
                0x000000000800066c       0xc8 ./Core/Src/fsm_traffic.o
                0x000000000800066c                update7SEG
 .text.set_up_led_buffer
                0x0000000008000734       0x78 ./Core/Src/fsm_traffic.o
                0x0000000008000734                set_up_led_buffer
 .text.display_4LED
                0x00000000080007ac       0x30 ./Core/Src/fsm_traffic.o
                0x00000000080007ac                display_4LED
 .text.blinking_led_mode
                0x00000000080007dc       0x5c ./Core/Src/fsm_traffic.o
                0x00000000080007dc                blinking_led_mode
 .text.checkValid
                0x0000000008000838       0x28 ./Core/Src/fsm_traffic.o
                0x0000000008000838                checkValid
 .text.checkButton
                0x0000000008000860      0x120 ./Core/Src/fsm_traffic.o
                0x0000000008000860                checkButton
 .text.run_led_traffic
                0x0000000008000980       0x40 ./Core/Src/fsm_traffic.o
                0x0000000008000980                run_led_traffic
 .text.modify_mode
                0x00000000080009c0       0x24 ./Core/Src/fsm_traffic.o
                0x00000000080009c0                modify_mode
 .text.fsm      0x00000000080009e4       0x48 ./Core/Src/fsm_traffic.o
                0x00000000080009e4                fsm
 .text.init     0x0000000008000a2c       0x88 ./Core/Src/fsm_traffic.o
                0x0000000008000a2c                init
 .text.main     0x0000000008000ab4       0x98 ./Core/Src/main.o
                0x0000000008000ab4                main
 .text.SystemClock_Config
                0x0000000008000b4c       0x76 ./Core/Src/main.o
                0x0000000008000b4c                SystemClock_Config
 *fill*         0x0000000008000bc2        0x2 
 .text.MX_TIM2_Init
                0x0000000008000bc4       0x98 ./Core/Src/main.o
 .text.MX_GPIO_Init
                0x0000000008000c5c       0xc0 ./Core/Src/main.o
 .text.HAL_TIM_PeriodElapsedCallback
                0x0000000008000d1c       0x18 ./Core/Src/main.o
                0x0000000008000d1c                HAL_TIM_PeriodElapsedCallback
 .text.Error_Handler
                0x0000000008000d34        0xa ./Core/Src/main.o
                0x0000000008000d34                Error_Handler
 *fill*         0x0000000008000d3e        0x2 
 .text.HAL_MspInit
                0x0000000008000d40       0x64 ./Core/Src/stm32f1xx_hal_msp.o
                0x0000000008000d40                HAL_MspInit
 .text.HAL_TIM_Base_MspInit
                0x0000000008000da4       0x48 ./Core/Src/stm32f1xx_hal_msp.o
                0x0000000008000da4                HAL_TIM_Base_MspInit
 .text.NMI_Handler
                0x0000000008000dec        0x6 ./Core/Src/stm32f1xx_it.o
                0x0000000008000dec                NMI_Handler
 .text.HardFault_Handler
                0x0000000008000df2        0x6 ./Core/Src/stm32f1xx_it.o
                0x0000000008000df2                HardFault_Handler
 .text.MemManage_Handler
                0x0000000008000df8        0x6 ./Core/Src/stm32f1xx_it.o
                0x0000000008000df8                MemManage_Handler
 .text.BusFault_Handler
                0x0000000008000dfe        0x6 ./Core/Src/stm32f1xx_it.o
                0x0000000008000dfe                BusFault_Handler
 .text.UsageFault_Handler
                0x0000000008000e04        0x6 ./Core/Src/stm32f1xx_it.o
                0x0000000008000e04                UsageFault_Handler
 .text.SVC_Handler
                0x0000000008000e0a        0xc ./Core/Src/stm32f1xx_it.o
                0x0000000008000e0a                SVC_Handler
 .text.DebugMon_Handler
                0x0000000008000e16        0xc ./Core/Src/stm32f1xx_it.o
                0x0000000008000e16                DebugMon_Handler
 .text.PendSV_Handler
                0x0000000008000e22        0xc ./Core/Src/stm32f1xx_it.o
                0x0000000008000e22                PendSV_Handler
 .text.SysTick_Handler
                0x0000000008000e2e        0xc ./Core/Src/stm32f1xx_it.o
                0x0000000008000e2e                SysTick_Handler
 *fill*         0x0000000008000e3a        0x2 
 .text.TIM2_IRQHandler
                0x0000000008000e3c       0x14 ./Core/Src/stm32f1xx_it.o
                0x0000000008000e3c                TIM2_IRQHandler
 .text.SystemInit
                0x0000000008000e50        0xc ./Core/Src/system_stm32f1xx.o
                0x0000000008000e50                SystemInit
 .text.setTimer1
                0x0000000008000e5c       0x28 ./Core/Src/timer.o
                0x0000000008000e5c                setTimer1
 .text.setTimer2
                0x0000000008000e84       0x28 ./Core/Src/timer.o
                0x0000000008000e84                setTimer2
 .text.setTimer3
                0x0000000008000eac       0x28 ./Core/Src/timer.o
                0x0000000008000eac                setTimer3
 .text.setTimer4
                0x0000000008000ed4       0x28 ./Core/Src/timer.o
                0x0000000008000ed4                setTimer4
 .text.timerRun
                0x0000000008000efc       0xac ./Core/Src/timer.o
                0x0000000008000efc                timerRun
 .text.Reset_Handler
                0x0000000008000fa8       0x48 ./Core/Startup/startup_stm32f103c6tx.o
                0x0000000008000fa8                Reset_Handler
 .text.Default_Handler
                0x0000000008000ff0        0x2 ./Core/Startup/startup_stm32f103c6tx.o
                0x0000000008000ff0                RTC_Alarm_IRQHandler
                0x0000000008000ff0                EXTI2_IRQHandler
                0x0000000008000ff0                TIM1_CC_IRQHandler
                0x0000000008000ff0                PVD_IRQHandler
                0x0000000008000ff0                EXTI3_IRQHandler
                0x0000000008000ff0                EXTI0_IRQHandler
                0x0000000008000ff0                ADC1_2_IRQHandler
                0x0000000008000ff0                SPI1_IRQHandler
                0x0000000008000ff0                TAMPER_IRQHandler
                0x0000000008000ff0                DMA1_Channel4_IRQHandler
                0x0000000008000ff0                RTC_IRQHandler
                0x0000000008000ff0                DMA1_Channel7_IRQHandler
                0x0000000008000ff0                CAN1_RX1_IRQHandler
                0x0000000008000ff0                I2C1_EV_IRQHandler
                0x0000000008000ff0                DMA1_Channel6_IRQHandler
                0x0000000008000ff0                TIM3_IRQHandler
                0x0000000008000ff0                RCC_IRQHandler
                0x0000000008000ff0                TIM1_TRG_COM_IRQHandler
                0x0000000008000ff0                DMA1_Channel1_IRQHandler
                0x0000000008000ff0                Default_Handler
                0x0000000008000ff0                EXTI15_10_IRQHandler
                0x0000000008000ff0                EXTI9_5_IRQHandler
                0x0000000008000ff0                DMA1_Channel5_IRQHandler
                0x0000000008000ff0                EXTI4_IRQHandler
                0x0000000008000ff0                USB_LP_CAN1_RX0_IRQHandler
                0x0000000008000ff0                USB_HP_CAN1_TX_IRQHandler
                0x0000000008000ff0                DMA1_Channel3_IRQHandler
                0x0000000008000ff0                TIM1_UP_IRQHandler
                0x0000000008000ff0                WWDG_IRQHandler
                0x0000000008000ff0                TIM1_BRK_IRQHandler
                0x0000000008000ff0                EXTI1_IRQHandler
                0x0000000008000ff0                USART2_IRQHandler
                0x0000000008000ff0                DMA1_Channel2_IRQHandler
                0x0000000008000ff0                CAN1_SCE_IRQHandler
                0x0000000008000ff0                FLASH_IRQHandler
                0x0000000008000ff0                USART1_IRQHandler
                0x0000000008000ff0                I2C1_ER_IRQHandler
                0x0000000008000ff0                USBWakeUp_IRQHandler
 *fill*         0x0000000008000ff2        0x2 
 .text.HAL_Init
                0x0000000008000ff4       0x2c ./Drivers/STM32F1xx_HAL_Driver/Src/stm32f1xx_hal.o
                0x0000000008000ff4                HAL_Init
 .text.HAL_InitTick
                0x0000000008001020       0x60 ./Drivers/STM32F1xx_HAL_Driver/Src/stm32f1xx_hal.o
                0x0000000008001020                HAL_InitTick
 .text.HAL_IncTick
                0x0000000008001080       0x24 ./Drivers/STM32F1xx_HAL_Driver/Src/stm32f1xx_hal.o
                0x0000000008001080                HAL_IncTick
 .text.HAL_GetTick
                0x00000000080010a4       0x14 ./Drivers/STM32F1xx_HAL_Driver/Src/stm32f1xx_hal.o
                0x00000000080010a4                HAL_GetTick
 .text.__NVIC_SetPriorityGrouping
                0x00000000080010b8       0x48 ./Drivers/STM32F1xx_HAL_Driver/Src/stm32f1xx_hal_cortex.o
 .text.__NVIC_GetPriorityGrouping
                0x0000000008001100       0x1c ./Drivers/STM32F1xx_HAL_Driver/Src/stm32f1xx_hal_cortex.o
 .text.__NVIC_EnableIRQ
                0x000000000800111c       0x38 ./Drivers/STM32F1xx_HAL_Driver/Src/stm32f1xx_hal_cortex.o
 .text.__NVIC_SetPriority
                0x0000000008001154       0x54 ./Drivers/STM32F1xx_HAL_Driver/Src/stm32f1xx_hal_cortex.o
 .text.NVIC_EncodePriority
                0x00000000080011a8       0x64 ./Drivers/STM32F1xx_HAL_Driver/Src/stm32f1xx_hal_cortex.o
 .text.SysTick_Config
                0x000000000800120c       0x44 ./Drivers/STM32F1xx_HAL_Driver/Src/stm32f1xx_hal_cortex.o
 .text.HAL_NVIC_SetPriorityGrouping
                0x0000000008001250       0x16 ./Drivers/STM32F1xx_HAL_Driver/Src/stm32f1xx_hal_cortex.o
                0x0000000008001250                HAL_NVIC_SetPriorityGrouping
 .text.HAL_NVIC_SetPriority
                0x0000000008001266       0x38 ./Drivers/STM32F1xx_HAL_Driver/Src/stm32f1xx_hal_cortex.o
                0x0000000008001266                HAL_NVIC_SetPriority
 .text.HAL_NVIC_EnableIRQ
                0x000000000800129e       0x1c ./Drivers/STM32F1xx_HAL_Driver/Src/stm32f1xx_hal_cortex.o
                0x000000000800129e                HAL_NVIC_EnableIRQ
 .text.HAL_SYSTICK_Config
                0x00000000080012ba       0x18 ./Drivers/STM32F1xx_HAL_Driver/Src/stm32f1xx_hal_cortex.o
                0x00000000080012ba                HAL_SYSTICK_Config
 *fill*         0x00000000080012d2        0x2 
 .text.HAL_GPIO_Init
                0x00000000080012d4      0x2f8 ./Drivers/STM32F1xx_HAL_Driver/Src/stm32f1xx_hal_gpio.o
                0x00000000080012d4                HAL_GPIO_Init
 .text.HAL_GPIO_ReadPin
                0x00000000080015cc       0x2e ./Drivers/STM32F1xx_HAL_Driver/Src/stm32f1xx_hal_gpio.o
                0x00000000080015cc                HAL_GPIO_ReadPin
 .text.HAL_GPIO_WritePin
                0x00000000080015fa       0x30 ./Drivers/STM32F1xx_HAL_Driver/Src/stm32f1xx_hal_gpio.o
                0x00000000080015fa                HAL_GPIO_WritePin
 .text.HAL_GPIO_TogglePin
                0x000000000800162a       0x32 ./Drivers/STM32F1xx_HAL_Driver/Src/stm32f1xx_hal_gpio.o
                0x000000000800162a                HAL_GPIO_TogglePin
 .text.HAL_RCC_OscConfig
                0x000000000800165c      0x504 ./Drivers/STM32F1xx_HAL_Driver/Src/stm32f1xx_hal_rcc.o
                0x000000000800165c                HAL_RCC_OscConfig
 .text.HAL_RCC_ClockConfig
                0x0000000008001b60      0x1d4 ./Drivers/STM32F1xx_HAL_Driver/Src/stm32f1xx_hal_rcc.o
                0x0000000008001b60                HAL_RCC_ClockConfig
 .text.HAL_RCC_GetSysClockFreq
                0x0000000008001d34       0xa8 ./Drivers/STM32F1xx_HAL_Driver/Src/stm32f1xx_hal_rcc.o
                0x0000000008001d34                HAL_RCC_GetSysClockFreq
 .text.RCC_Delay
                0x0000000008001ddc       0x3c ./Drivers/STM32F1xx_HAL_Driver/Src/stm32f1xx_hal_rcc.o
 .text.HAL_TIM_Base_Init
                0x0000000008001e18       0x9e ./Drivers/STM32F1xx_HAL_Driver/Src/stm32f1xx_hal_tim.o
                0x0000000008001e18                HAL_TIM_Base_Init
 *fill*         0x0000000008001eb6        0x2 
 .text.HAL_TIM_Base_Start_IT
                0x0000000008001eb8       0x98 ./Drivers/STM32F1xx_HAL_Driver/Src/stm32f1xx_hal_tim.o
                0x0000000008001eb8                HAL_TIM_Base_Start_IT
 .text.HAL_TIM_IRQHandler
                0x0000000008001f50      0x210 ./Drivers/STM32F1xx_HAL_Driver/Src/stm32f1xx_hal_tim.o
                0x0000000008001f50                HAL_TIM_IRQHandler
 .text.HAL_TIM_ConfigClockSource
                0x0000000008002160      0x18e ./Drivers/STM32F1xx_HAL_Driver/Src/stm32f1xx_hal_tim.o
                0x0000000008002160                HAL_TIM_ConfigClockSource
 .text.HAL_TIM_OC_DelayElapsedCallback
                0x00000000080022ee       0x12 ./Drivers/STM32F1xx_HAL_Driver/Src/stm32f1xx_hal_tim.o
                0x00000000080022ee                HAL_TIM_OC_DelayElapsedCallback
 .text.HAL_TIM_IC_CaptureCallback
                0x0000000008002300       0x12 ./Drivers/STM32F1xx_HAL_Driver/Src/stm32f1xx_hal_tim.o
                0x0000000008002300                HAL_TIM_IC_CaptureCallback
 .text.HAL_TIM_PWM_PulseFinishedCallback
                0x0000000008002312       0x12 ./Drivers/STM32F1xx_HAL_Driver/Src/stm32f1xx_hal_tim.o
                0x0000000008002312                HAL_TIM_PWM_PulseFinishedCallback
 .text.HAL_TIM_TriggerCallback
                0x0000000008002324       0x12 ./Drivers/STM32F1xx_HAL_Driver/Src/stm32f1xx_hal_tim.o
                0x0000000008002324                HAL_TIM_TriggerCallback
 *fill*         0x0000000008002336        0x2 
 .text.TIM_Base_SetConfig
                0x0000000008002338       0xb0 ./Drivers/STM32F1xx_HAL_Driver/Src/stm32f1xx_hal_tim.o
                0x0000000008002338                TIM_Base_SetConfig
 .text.TIM_TI1_ConfigInputStage
                0x00000000080023e8       0x5c ./Drivers/STM32F1xx_HAL_Driver/Src/stm32f1xx_hal_tim.o
 .text.TIM_TI2_ConfigInputStage
                0x0000000008002444       0x5e ./Drivers/STM32F1xx_HAL_Driver/Src/stm32f1xx_hal_tim.o
 .text.TIM_ITRx_SetConfig
                0x00000000080024a2       0x34 ./Drivers/STM32F1xx_HAL_Driver/Src/stm32f1xx_hal_tim.o
 .text.TIM_ETR_SetConfig
                0x00000000080024d6       0x3e ./Drivers/STM32F1xx_HAL_Driver/Src/stm32f1xx_hal_tim.o
                0x00000000080024d6                TIM_ETR_SetConfig
 .text.HAL_TIMEx_MasterConfigSynchronization
                0x0000000008002514       0xb0 ./Drivers/STM32F1xx_HAL_Driver/Src/stm32f1xx_hal_tim_ex.o
                0x0000000008002514                HAL_TIMEx_MasterConfigSynchronization
 .text.HAL_TIMEx_CommutCallback
                0x00000000080025c4       0x12 ./Drivers/STM32F1xx_HAL_Driver/Src/stm32f1xx_hal_tim_ex.o
                0x00000000080025c4                HAL_TIMEx_CommutCallback
 .text.HAL_TIMEx_BreakCallback
                0x00000000080025d6       0x12 ./Drivers/STM32F1xx_HAL_Driver/Src/stm32f1xx_hal_tim_ex.o
                0x00000000080025d6                HAL_TIMEx_BreakCallback
 .text.memset   0x00000000080025e8       0x10 C:/ST/STM32CubeIDE_1.13.2/STM32CubeIDE/plugins/com.st.stm32cube.ide.mcu.externaltools.gnu-tools-for-stm32.11.3.rel1.win32_1.1.1.202309131626/tools/bin/../lib/gcc/arm-none-eabi/11.3.1/../../../../arm-none-eabi/lib/thumb/v7-m/nofp\libc_nano.a(libc_a-memset.o)
                0x00000000080025e8                memset
 .text.__libc_init_array
                0x00000000080025f8       0x48 C:/ST/STM32CubeIDE_1.13.2/STM32CubeIDE/plugins/com.st.stm32cube.ide.mcu.externaltools.gnu-tools-for-stm32.11.3.rel1.win32_1.1.1.202309131626/tools/bin/../lib/gcc/arm-none-eabi/11.3.1/../../../../arm-none-eabi/lib/thumb/v7-m/nofp\libc_nano.a(libc_a-init.o)
                0x00000000080025f8                __libc_init_array
 *(.glue_7)
 .glue_7        0x0000000008002640        0x0 linker stubs
 *(.glue_7t)
 .glue_7t       0x0000000008002640        0x0 linker stubs
 *(.eh_frame)
 .eh_frame      0x0000000008002640        0x0 C:/ST/STM32CubeIDE_1.13.2/STM32CubeIDE/plugins/com.st.stm32cube.ide.mcu.externaltools.gnu-tools-for-stm32.11.3.rel1.win32_1.1.1.202309131626/tools/bin/../lib/gcc/arm-none-eabi/11.3.1/thumb/v7-m/nofp/crtbegin.o
 *(.init)
 .init          0x0000000008002640        0x4 C:/ST/STM32CubeIDE_1.13.2/STM32CubeIDE/plugins/com.st.stm32cube.ide.mcu.externaltools.gnu-tools-for-stm32.11.3.rel1.win32_1.1.1.202309131626/tools/bin/../lib/gcc/arm-none-eabi/11.3.1/thumb/v7-m/nofp/crti.o
                0x0000000008002640                _init
 .init          0x0000000008002644        0x8 C:/ST/STM32CubeIDE_1.13.2/STM32CubeIDE/plugins/com.st.stm32cube.ide.mcu.externaltools.gnu-tools-for-stm32.11.3.rel1.win32_1.1.1.202309131626/tools/bin/../lib/gcc/arm-none-eabi/11.3.1/thumb/v7-m/nofp/crtn.o
 *(.fini)
 .fini          0x000000000800264c        0x4 C:/ST/STM32CubeIDE_1.13.2/STM32CubeIDE/plugins/com.st.stm32cube.ide.mcu.externaltools.gnu-tools-for-stm32.11.3.rel1.win32_1.1.1.202309131626/tools/bin/../lib/gcc/arm-none-eabi/11.3.1/thumb/v7-m/nofp/crti.o
                0x000000000800264c                _fini
 .fini          0x0000000008002650        0x8 C:/ST/STM32CubeIDE_1.13.2/STM32CubeIDE/plugins/com.st.stm32cube.ide.mcu.externaltools.gnu-tools-for-stm32.11.3.rel1.win32_1.1.1.202309131626/tools/bin/../lib/gcc/arm-none-eabi/11.3.1/thumb/v7-m/nofp/crtn.o
                0x0000000008002658                . = ALIGN (0x4)
                0x0000000008002658                _etext = .

.vfp11_veneer   0x0000000008002658        0x0
 .vfp11_veneer  0x0000000008002658        0x0 linker stubs

.v4_bx          0x0000000008002658        0x0
 .v4_bx         0x0000000008002658        0x0 linker stubs

.iplt           0x0000000008002658        0x0
 .iplt          0x0000000008002658        0x0 C:/ST/STM32CubeIDE_1.13.2/STM32CubeIDE/plugins/com.st.stm32cube.ide.mcu.externaltools.gnu-tools-for-stm32.11.3.rel1.win32_1.1.1.202309131626/tools/bin/../lib/gcc/arm-none-eabi/11.3.1/thumb/v7-m/nofp/crtbegin.o

.rodata         0x0000000008002658       0x24
                0x0000000008002658                . = ALIGN (0x4)
 *(.rodata)
 *(.rodata*)
 .rodata.AHBPrescTable
                0x0000000008002658       0x10 ./Core/Src/system_stm32f1xx.o
                0x0000000008002658                AHBPrescTable
 .rodata.aPLLMULFactorTable.1
                0x0000000008002668       0x10 ./Drivers/STM32F1xx_HAL_Driver/Src/stm32f1xx_hal_rcc.o
 .rodata.aPredivFactorTable.0
                0x0000000008002678        0x2 ./Drivers/STM32F1xx_HAL_Driver/Src/stm32f1xx_hal_rcc.o
                0x000000000800267c                . = ALIGN (0x4)
 *fill*         0x000000000800267a        0x2 

.rel.dyn        0x000000000800267c        0x0
 .rel.iplt      0x000000000800267c        0x0 C:/ST/STM32CubeIDE_1.13.2/STM32CubeIDE/plugins/com.st.stm32cube.ide.mcu.externaltools.gnu-tools-for-stm32.11.3.rel1.win32_1.1.1.202309131626/tools/bin/../lib/gcc/arm-none-eabi/11.3.1/thumb/v7-m/nofp/crtbegin.o

.ARM.extab      0x000000000800267c        0x0
                0x000000000800267c                . = ALIGN (0x4)
 *(.ARM.extab* .gnu.linkonce.armextab.*)
                0x000000000800267c                . = ALIGN (0x4)

.ARM            0x000000000800267c        0x0
                0x000000000800267c                . = ALIGN (0x4)
                0x000000000800267c                __exidx_start = .
 *(.ARM.exidx*)
                0x000000000800267c                __exidx_end = .
                0x000000000800267c                . = ALIGN (0x4)

.preinit_array  0x000000000800267c        0x0
                0x000000000800267c                . = ALIGN (0x4)
                0x000000000800267c                PROVIDE (__preinit_array_start = .)
 *(.preinit_array*)
                0x000000000800267c                PROVIDE (__preinit_array_end = .)
                0x000000000800267c                . = ALIGN (0x4)

.init_array     0x000000000800267c        0x4
                0x000000000800267c                . = ALIGN (0x4)
                0x000000000800267c                PROVIDE (__init_array_start = .)
 *(SORT_BY_NAME(.init_array.*))
 *(.init_array*)
 .init_array    0x000000000800267c        0x4 C:/ST/STM32CubeIDE_1.13.2/STM32CubeIDE/plugins/com.st.stm32cube.ide.mcu.externaltools.gnu-tools-for-stm32.11.3.rel1.win32_1.1.1.202309131626/tools/bin/../lib/gcc/arm-none-eabi/11.3.1/thumb/v7-m/nofp/crtbegin.o
                0x0000000008002680                PROVIDE (__init_array_end = .)
                0x0000000008002680                . = ALIGN (0x4)

.fini_array     0x0000000008002680        0x4
                0x0000000008002680                . = ALIGN (0x4)
                [!provide]                        PROVIDE (__fini_array_start = .)
 *(SORT_BY_NAME(.fini_array.*))
 *(.fini_array*)
 .fini_array    0x0000000008002680        0x4 C:/ST/STM32CubeIDE_1.13.2/STM32CubeIDE/plugins/com.st.stm32cube.ide.mcu.externaltools.gnu-tools-for-stm32.11.3.rel1.win32_1.1.1.202309131626/tools/bin/../lib/gcc/arm-none-eabi/11.3.1/thumb/v7-m/nofp/crtbegin.o
                [!provide]                        PROVIDE (__fini_array_end = .)
                0x0000000008002684                . = ALIGN (0x4)
                0x0000000008002684                _sidata = LOADADDR (.data)

.data           0x0000000020000000      0x14c load address 0x0000000008002684
                0x0000000020000000                . = ALIGN (0x4)
                0x0000000020000000                _sdata = .
 *(.data)
 *(.data*)
 .data.num0     0x0000000020000000       0x1c ./Core/Src/7segmentLED.o
                0x0000000020000000                num0
 .data.num1     0x000000002000001c       0x1c ./Core/Src/7segmentLED.o
                0x000000002000001c                num1
 .data.num2     0x0000000020000038       0x1c ./Core/Src/7segmentLED.o
                0x0000000020000038                num2
 .data.num3     0x0000000020000054       0x1c ./Core/Src/7segmentLED.o
                0x0000000020000054                num3
 .data.num4     0x0000000020000070       0x1c ./Core/Src/7segmentLED.o
                0x0000000020000070                num4
 .data.num5     0x000000002000008c       0x1c ./Core/Src/7segmentLED.o
                0x000000002000008c                num5
 .data.num6     0x00000000200000a8       0x1c ./Core/Src/7segmentLED.o
                0x00000000200000a8                num6
 .data.num7     0x00000000200000c4       0x1c ./Core/Src/7segmentLED.o
                0x00000000200000c4                num7
 .data.num9     0x00000000200000e0       0x1c ./Core/Src/7segmentLED.o
                0x00000000200000e0                num9
 .data.button_state_save
                0x00000000200000fc        0xc ./Core/Src/button.o
 .data.RED_TIME
                0x0000000020000108        0x4 ./Core/Src/fsm_traffic.o
                0x0000000020000108                RED_TIME
 .data.GREEN_TIME
                0x000000002000010c        0x4 ./Core/Src/fsm_traffic.o
                0x000000002000010c                GREEN_TIME
 .data.YELLOW_TIME
                0x0000000020000110        0x4 ./Core/Src/fsm_traffic.o
                0x0000000020000110                YELLOW_TIME
 .data.led1_array_port
                0x0000000020000114        0xc ./Core/Src/fsm_traffic.o
                0x0000000020000114                led1_array_port
 .data.led2_array_port
                0x0000000020000120        0xc ./Core/Src/fsm_traffic.o
                0x0000000020000120                led2_array_port
 .data.led1_array_pin
                0x000000002000012c        0x6 ./Core/Src/fsm_traffic.o
                0x000000002000012c                led1_array_pin
 *fill*         0x0000000020000132        0x2 
 .data.led2_array_pin
                0x0000000020000134        0x6 ./Core/Src/fsm_traffic.o
                0x0000000020000134                led2_array_pin
 *fill*         0x000000002000013a        0x2 
 .data.mode     0x000000002000013c        0x4 ./Core/Src/fsm_traffic.o
                0x000000002000013c                mode
 .data.SystemCoreClock
                0x0000000020000140        0x4 ./Core/Src/system_stm32f1xx.o
                0x0000000020000140                SystemCoreClock
 .data.uwTickPrio
                0x0000000020000144        0x4 ./Drivers/STM32F1xx_HAL_Driver/Src/stm32f1xx_hal.o
                0x0000000020000144                uwTickPrio
 .data.uwTickFreq
                0x0000000020000148        0x1 ./Drivers/STM32F1xx_HAL_Driver/Src/stm32f1xx_hal.o
                0x0000000020000148                uwTickFreq
 *(.RamFunc)
 *(.RamFunc*)
                0x000000002000014c                . = ALIGN (0x4)
 *fill*         0x0000000020000149        0x3 
                0x000000002000014c                _edata = .

.igot.plt       0x000000002000014c        0x0 load address 0x00000000080027d0
 .igot.plt      0x000000002000014c        0x0 C:/ST/STM32CubeIDE_1.13.2/STM32CubeIDE/plugins/com.st.stm32cube.ide.mcu.externaltools.gnu-tools-for-stm32.11.3.rel1.win32_1.1.1.202309131626/tools/bin/../lib/gcc/arm-none-eabi/11.3.1/thumb/v7-m/nofp/crtbegin.o
                0x000000002000014c                . = ALIGN (0x4)

.bss            0x000000002000014c      0x138 load address 0x00000000080027d0
                0x000000002000014c                _sbss = .
                0x000000002000014c                __bss_start__ = _sbss
 *(.bss)
 .bss           0x000000002000014c       0x1c C:/ST/STM32CubeIDE_1.13.2/STM32CubeIDE/plugins/com.st.stm32cube.ide.mcu.externaltools.gnu-tools-for-stm32.11.3.rel1.win32_1.1.1.202309131626/tools/bin/../lib/gcc/arm-none-eabi/11.3.1/thumb/v7-m/nofp/crtbegin.o
 *(.bss*)
 .bss.num8      0x0000000020000168       0x1c ./Core/Src/7segmentLED.o
                0x0000000020000168                num8
 .bss.current_button_state
                0x0000000020000184        0xc ./Core/Src/button.o
 .bss.debounce_1
                0x0000000020000190        0xc ./Core/Src/button.o
 .bss.debounce_2
                0x000000002000019c        0xc ./Core/Src/button.o
 .bss.debounce_3
                0x00000000200001a8        0xc ./Core/Src/button.o
 .bss.counter_for_button_pressed
                0x00000000200001b4        0xc ./Core/Src/button.o
 .bss.button_flag
                0x00000000200001c0        0xc ./Core/Src/button.o
 .bss.button_flag_long
                0x00000000200001cc        0xc ./Core/Src/button.o
 .bss.current_state
                0x00000000200001d8        0x4 ./Core/Src/fsm_traffic.o
                0x00000000200001d8                current_state
 .bss.road1_timer
                0x00000000200001dc        0x4 ./Core/Src/fsm_traffic.o
                0x00000000200001dc                road1_timer
 .bss.road2_timer
                0x00000000200001e0        0x4 ./Core/Src/fsm_traffic.o
                0x00000000200001e0                road2_timer
 .bss.time_array
                0x00000000200001e4        0xc ./Core/Src/fsm_traffic.o
                0x00000000200001e4                time_array
 .bss.led_buffer
                0x00000000200001f0       0x10 ./Core/Src/fsm_traffic.o
                0x00000000200001f0                led_buffer
 .bss.dumb_val  0x0000000020000200       0x10 ./Core/Src/fsm_traffic.o
                0x0000000020000200                dumb_val
 .bss.led_index
                0x0000000020000210        0x4 ./Core/Src/fsm_traffic.o
                0x0000000020000210                led_index
 .bss.isModify  0x0000000020000214        0x4 ./Core/Src/fsm_traffic.o
                0x0000000020000214                isModify
 .bss.htim2     0x0000000020000218       0x48 ./Core/Src/main.o
                0x0000000020000218                htim2
 .bss.timer1_flag
                0x0000000020000260        0x4 ./Core/Src/timer.o
                0x0000000020000260                timer1_flag
 .bss.timer1_duration
                0x0000000020000264        0x4 ./Core/Src/timer.o
                0x0000000020000264                timer1_duration
 .bss.timer2_flag
                0x0000000020000268        0x4 ./Core/Src/timer.o
                0x0000000020000268                timer2_flag
 .bss.timer2_duration
                0x000000002000026c        0x4 ./Core/Src/timer.o
                0x000000002000026c                timer2_duration
 .bss.timer3_flag
                0x0000000020000270        0x4 ./Core/Src/timer.o
                0x0000000020000270                timer3_flag
 .bss.timer3_duration
                0x0000000020000274        0x4 ./Core/Src/timer.o
                0x0000000020000274                timer3_duration
 .bss.timer4_flag
                0x0000000020000278        0x4 ./Core/Src/timer.o
                0x0000000020000278                timer4_flag
 .bss.timer4_duration
                0x000000002000027c        0x4 ./Core/Src/timer.o
                0x000000002000027c                timer4_duration
 .bss.uwTick    0x0000000020000280        0x4 ./Drivers/STM32F1xx_HAL_Driver/Src/stm32f1xx_hal.o
                0x0000000020000280                uwTick
 *(COMMON)
                0x0000000020000284                . = ALIGN (0x4)
                0x0000000020000284                _ebss = .
                0x0000000020000284                __bss_end__ = _ebss

._user_heap_stack
                0x0000000020000284      0x604 load address 0x00000000080027d0
                0x0000000020000288                . = ALIGN (0x8)
 *fill*         0x0000000020000284        0x4 
                [!provide]                        PROVIDE (end = .)
                0x0000000020000288                PROVIDE (_end = .)
                0x0000000020000488                . = (. + _Min_Heap_Size)
 *fill*         0x0000000020000288      0x200 
                0x0000000020000888                . = (. + _Min_Stack_Size)
 *fill*         0x0000000020000488      0x400 
                0x0000000020000888                . = ALIGN (0x8)

/DISCARD/
 libc.a(*)
 libm.a(*)
 libgcc.a(*)

.ARM.attributes
                0x0000000000000000       0x29
 *(.ARM.attributes)
 .ARM.attributes
                0x0000000000000000       0x1d C:/ST/STM32CubeIDE_1.13.2/STM32CubeIDE/plugins/com.st.stm32cube.ide.mcu.externaltools.gnu-tools-for-stm32.11.3.rel1.win32_1.1.1.202309131626/tools/bin/../lib/gcc/arm-none-eabi/11.3.1/thumb/v7-m/nofp/crti.o
 .ARM.attributes
                0x000000000000001d       0x2d C:/ST/STM32CubeIDE_1.13.2/STM32CubeIDE/plugins/com.st.stm32cube.ide.mcu.externaltools.gnu-tools-for-stm32.11.3.rel1.win32_1.1.1.202309131626/tools/bin/../lib/gcc/arm-none-eabi/11.3.1/thumb/v7-m/nofp/crtbegin.o
 .ARM.attributes
                0x000000000000004a       0x2d ./Core/Src/7segmentLED.o
 .ARM.attributes
                0x0000000000000077       0x2d ./Core/Src/button.o
 .ARM.attributes
                0x00000000000000a4       0x2d ./Core/Src/fsm_traffic.o
 .ARM.attributes
                0x00000000000000d1       0x2d ./Core/Src/main.o
 .ARM.attributes
                0x00000000000000fe       0x2d ./Core/Src/stm32f1xx_hal_msp.o
 .ARM.attributes
                0x000000000000012b       0x2d ./Core/Src/stm32f1xx_it.o
 .ARM.attributes
                0x0000000000000158       0x2d ./Core/Src/system_stm32f1xx.o
 .ARM.attributes
                0x0000000000000185       0x2d ./Core/Src/timer.o
 .ARM.attributes
                0x00000000000001b2       0x21 ./Core/Startup/startup_stm32f103c6tx.o
 .ARM.attributes
                0x00000000000001d3       0x2d ./Drivers/STM32F1xx_HAL_Driver/Src/stm32f1xx_hal.o
 .ARM.attributes
                0x0000000000000200       0x2d ./Drivers/STM32F1xx_HAL_Driver/Src/stm32f1xx_hal_cortex.o
 .ARM.attributes
                0x000000000000022d       0x2d ./Drivers/STM32F1xx_HAL_Driver/Src/stm32f1xx_hal_gpio.o
 .ARM.attributes
                0x000000000000025a       0x2d ./Drivers/STM32F1xx_HAL_Driver/Src/stm32f1xx_hal_rcc.o
 .ARM.attributes
                0x0000000000000287       0x2d ./Drivers/STM32F1xx_HAL_Driver/Src/stm32f1xx_hal_tim.o
 .ARM.attributes
                0x00000000000002b4       0x2d ./Drivers/STM32F1xx_HAL_Driver/Src/stm32f1xx_hal_tim_ex.o
 .ARM.attributes
                0x00000000000002e1       0x2d C:/ST/STM32CubeIDE_1.13.2/STM32CubeIDE/plugins/com.st.stm32cube.ide.mcu.externaltools.gnu-tools-for-stm32.11.3.rel1.win32_1.1.1.202309131626/tools/bin/../lib/gcc/arm-none-eabi/11.3.1/../../../../arm-none-eabi/lib/thumb/v7-m/nofp\libc_nano.a(libc_a-memset.o)
 .ARM.attributes
                0x000000000000030e       0x2d C:/ST/STM32CubeIDE_1.13.2/STM32CubeIDE/plugins/com.st.stm32cube.ide.mcu.externaltools.gnu-tools-for-stm32.11.3.rel1.win32_1.1.1.202309131626/tools/bin/../lib/gcc/arm-none-eabi/11.3.1/../../../../arm-none-eabi/lib/thumb/v7-m/nofp\libc_nano.a(libc_a-init.o)
 .ARM.attributes
                0x000000000000033b       0x1d C:/ST/STM32CubeIDE_1.13.2/STM32CubeIDE/plugins/com.st.stm32cube.ide.mcu.externaltools.gnu-tools-for-stm32.11.3.rel1.win32_1.1.1.202309131626/tools/bin/../lib/gcc/arm-none-eabi/11.3.1/thumb/v7-m/nofp/crtn.o
OUTPUT(lab3_2.elf elf32-littlearm)
LOAD linker stubs
LOAD C:/ST/STM32CubeIDE_1.13.2/STM32CubeIDE/plugins/com.st.stm32cube.ide.mcu.externaltools.gnu-tools-for-stm32.11.3.rel1.win32_1.1.1.202309131626/tools/bin/../lib/gcc/arm-none-eabi/11.3.1/../../../../arm-none-eabi/lib/thumb/v7-m/nofp\libc.a
LOAD C:/ST/STM32CubeIDE_1.13.2/STM32CubeIDE/plugins/com.st.stm32cube.ide.mcu.externaltools.gnu-tools-for-stm32.11.3.rel1.win32_1.1.1.202309131626/tools/bin/../lib/gcc/arm-none-eabi/11.3.1/../../../../arm-none-eabi/lib/thumb/v7-m/nofp\libm.a
LOAD C:/ST/STM32CubeIDE_1.13.2/STM32CubeIDE/plugins/com.st.stm32cube.ide.mcu.externaltools.gnu-tools-for-stm32.11.3.rel1.win32_1.1.1.202309131626/tools/bin/../lib/gcc/arm-none-eabi/11.3.1/thumb/v7-m/nofp\libgcc.a

.comment        0x0000000000000000       0x43
 .comment       0x0000000000000000       0x43 C:/ST/STM32CubeIDE_1.13.2/STM32CubeIDE/plugins/com.st.stm32cube.ide.mcu.externaltools.gnu-tools-for-stm32.11.3.rel1.win32_1.1.1.202309131626/tools/bin/../lib/gcc/arm-none-eabi/11.3.1/thumb/v7-m/nofp/crtbegin.o
                                         0x44 (size before relaxing)
 .comment       0x0000000000000043       0x44 ./Core/Src/7segmentLED.o
 .comment       0x0000000000000043       0x44 ./Core/Src/button.o
 .comment       0x0000000000000043       0x44 ./Core/Src/fsm_traffic.o
 .comment       0x0000000000000043       0x44 ./Core/Src/main.o
 .comment       0x0000000000000043       0x44 ./Core/Src/stm32f1xx_hal_msp.o
 .comment       0x0000000000000043       0x44 ./Core/Src/stm32f1xx_it.o
 .comment       0x0000000000000043       0x44 ./Core/Src/system_stm32f1xx.o
 .comment       0x0000000000000043       0x44 ./Core/Src/timer.o
 .comment       0x0000000000000043       0x44 ./Drivers/STM32F1xx_HAL_Driver/Src/stm32f1xx_hal.o
 .comment       0x0000000000000043       0x44 ./Drivers/STM32F1xx_HAL_Driver/Src/stm32f1xx_hal_cortex.o
 .comment       0x0000000000000043       0x44 ./Drivers/STM32F1xx_HAL_Driver/Src/stm32f1xx_hal_gpio.o
 .comment       0x0000000000000043       0x44 ./Drivers/STM32F1xx_HAL_Driver/Src/stm32f1xx_hal_rcc.o
 .comment       0x0000000000000043       0x44 ./Drivers/STM32F1xx_HAL_Driver/Src/stm32f1xx_hal_tim.o
 .comment       0x0000000000000043       0x44 ./Drivers/STM32F1xx_HAL_Driver/Src/stm32f1xx_hal_tim_ex.o

.debug_info     0x0000000000000000     0x85fc
 .debug_info    0x0000000000000000      0x270 ./Core/Src/7segmentLED.o
 .debug_info    0x0000000000000270      0x292 ./Core/Src/button.o
 .debug_info    0x0000000000000502      0x46c ./Core/Src/fsm_traffic.o
 .debug_info    0x000000000000096e      0xc41 ./Core/Src/main.o
 .debug_info    0x00000000000015af      0x91a ./Core/Src/stm32f1xx_hal_msp.o
 .debug_info    0x0000000000001ec9      0x6a1 ./Core/Src/stm32f1xx_it.o
 .debug_info    0x000000000000256a      0x222 ./Core/Src/system_stm32f1xx.o
 .debug_info    0x000000000000278c      0x1a8 ./Core/Src/timer.o
 .debug_info    0x0000000000002934       0x23 ./Core/Startup/startup_stm32f103c6tx.o
 .debug_info    0x0000000000002957      0x6e6 ./Drivers/STM32F1xx_HAL_Driver/Src/stm32f1xx_hal.o
 .debug_info    0x000000000000303d      0xa69 ./Drivers/STM32F1xx_HAL_Driver/Src/stm32f1xx_hal_cortex.o
 .debug_info    0x0000000000003aa6      0x5ab ./Drivers/STM32F1xx_HAL_Driver/Src/stm32f1xx_hal_gpio.o
 .debug_info    0x0000000000004051      0x7d5 ./Drivers/STM32F1xx_HAL_Driver/Src/stm32f1xx_hal_rcc.o
 .debug_info    0x0000000000004826     0x293b ./Drivers/STM32F1xx_HAL_Driver/Src/stm32f1xx_hal_tim.o
 .debug_info    0x0000000000007161     0x149b ./Drivers/STM32F1xx_HAL_Driver/Src/stm32f1xx_hal_tim_ex.o

.debug_abbrev   0x0000000000000000     0x1b2a
 .debug_abbrev  0x0000000000000000      0x145 ./Core/Src/7segmentLED.o
 .debug_abbrev  0x0000000000000145      0x186 ./Core/Src/button.o
 .debug_abbrev  0x00000000000002cb      0x1ad ./Core/Src/fsm_traffic.o
 .debug_abbrev  0x0000000000000478      0x2eb ./Core/Src/main.o
 .debug_abbrev  0x0000000000000763      0x1ad ./Core/Src/stm32f1xx_hal_msp.o
 .debug_abbrev  0x0000000000000910      0x191 ./Core/Src/stm32f1xx_it.o
 .debug_abbrev  0x0000000000000aa1      0x13f ./Core/Src/system_stm32f1xx.o
 .debug_abbrev  0x0000000000000be0       0xc9 ./Core/Src/timer.o
 .debug_abbrev  0x0000000000000ca9       0x12 ./Core/Startup/startup_stm32f103c6tx.o
 .debug_abbrev  0x0000000000000cbb      0x201 ./Drivers/STM32F1xx_HAL_Driver/Src/stm32f1xx_hal.o
 .debug_abbrev  0x0000000000000ebc      0x2f8 ./Drivers/STM32F1xx_HAL_Driver/Src/stm32f1xx_hal_cortex.o
 .debug_abbrev  0x00000000000011b4      0x1ca ./Drivers/STM32F1xx_HAL_Driver/Src/stm32f1xx_hal_gpio.o
 .debug_abbrev  0x000000000000137e      0x2b3 ./Drivers/STM32F1xx_HAL_Driver/Src/stm32f1xx_hal_rcc.o
 .debug_abbrev  0x0000000000001631      0x277 ./Drivers/STM32F1xx_HAL_Driver/Src/stm32f1xx_hal_tim.o
 .debug_abbrev  0x00000000000018a8      0x282 ./Drivers/STM32F1xx_HAL_Driver/Src/stm32f1xx_hal_tim_ex.o

.debug_aranges  0x0000000000000000      0xa50
 .debug_aranges
                0x0000000000000000       0x30 ./Core/Src/7segmentLED.o
 .debug_aranges
                0x0000000000000030       0x38 ./Core/Src/button.o
 .debug_aranges
                0x0000000000000068       0x78 ./Core/Src/fsm_traffic.o
 .debug_aranges
                0x00000000000000e0       0x48 ./Core/Src/main.o
 .debug_aranges
                0x0000000000000128       0x30 ./Core/Src/stm32f1xx_hal_msp.o
 .debug_aranges
                0x0000000000000158       0x68 ./Core/Src/stm32f1xx_it.o
 .debug_aranges
                0x00000000000001c0       0x28 ./Core/Src/system_stm32f1xx.o
 .debug_aranges
                0x00000000000001e8       0x40 ./Core/Src/timer.o
 .debug_aranges
                0x0000000000000228       0x28 ./Core/Startup/startup_stm32f103c6tx.o
 .debug_aranges
                0x0000000000000250       0xe0 ./Drivers/STM32F1xx_HAL_Driver/Src/stm32f1xx_hal.o
 .debug_aranges
                0x0000000000000330      0x100 ./Drivers/STM32F1xx_HAL_Driver/Src/stm32f1xx_hal_cortex.o
 .debug_aranges
                0x0000000000000430       0x58 ./Drivers/STM32F1xx_HAL_Driver/Src/stm32f1xx_hal_gpio.o
 .debug_aranges
                0x0000000000000488       0x90 ./Drivers/STM32F1xx_HAL_Driver/Src/stm32f1xx_hal_rcc.o
 .debug_aranges
                0x0000000000000518      0x3d0 ./Drivers/STM32F1xx_HAL_Driver/Src/stm32f1xx_hal_tim.o
 .debug_aranges
                0x00000000000008e8      0x168 ./Drivers/STM32F1xx_HAL_Driver/Src/stm32f1xx_hal_tim_ex.o

.debug_rnglists
                0x0000000000000000      0x7e3
 .debug_rnglists
                0x0000000000000000       0x21 ./Core/Src/7segmentLED.o
 .debug_rnglists
                0x0000000000000021       0x26 ./Core/Src/button.o
 .debug_rnglists
                0x0000000000000047       0x59 ./Core/Src/fsm_traffic.o
 .debug_rnglists
                0x00000000000000a0       0x34 ./Core/Src/main.o
 .debug_rnglists
                0x00000000000000d4       0x1f ./Core/Src/stm32f1xx_hal_msp.o
 .debug_rnglists
                0x00000000000000f3       0x49 ./Core/Src/stm32f1xx_it.o
 .debug_rnglists
                0x000000000000013c       0x1a ./Core/Src/system_stm32f1xx.o
 .debug_rnglists
                0x0000000000000156       0x2c ./Core/Src/timer.o
 .debug_rnglists
                0x0000000000000182       0x19 ./Core/Startup/startup_stm32f103c6tx.o
 .debug_rnglists
                0x000000000000019b       0xa3 ./Drivers/STM32F1xx_HAL_Driver/Src/stm32f1xx_hal.o
 .debug_rnglists
                0x000000000000023e       0xbb ./Drivers/STM32F1xx_HAL_Driver/Src/stm32f1xx_hal_cortex.o
 .debug_rnglists
                0x00000000000002f9       0x3f ./Drivers/STM32F1xx_HAL_Driver/Src/stm32f1xx_hal_gpio.o
 .debug_rnglists
                0x0000000000000338       0x6c ./Drivers/STM32F1xx_HAL_Driver/Src/stm32f1xx_hal_rcc.o
 .debug_rnglists
                0x00000000000003a4      0x31a ./Drivers/STM32F1xx_HAL_Driver/Src/stm32f1xx_hal_tim.o
 .debug_rnglists
                0x00000000000006be      0x125 ./Drivers/STM32F1xx_HAL_Driver/Src/stm32f1xx_hal_tim_ex.o

.debug_macro    0x0000000000000000    0x16a51
 .debug_macro   0x0000000000000000      0x1aa ./Core/Src/7segmentLED.o
 .debug_macro   0x00000000000001aa      0xa9c ./Core/Src/7segmentLED.o
 .debug_macro   0x0000000000000c46      0x215 ./Core/Src/7segmentLED.o
 .debug_macro   0x0000000000000e5b       0x2e ./Core/Src/7segmentLED.o
 .debug_macro   0x0000000000000e89       0x22 ./Core/Src/7segmentLED.o
 .debug_macro   0x0000000000000eab       0x22 ./Core/Src/7segmentLED.o
 .debug_macro   0x0000000000000ecd       0x8e ./Core/Src/7segmentLED.o
 .debug_macro   0x0000000000000f5b       0x51 ./Core/Src/7segmentLED.o
 .debug_macro   0x0000000000000fac      0x103 ./Core/Src/7segmentLED.o
 .debug_macro   0x00000000000010af       0x6a ./Core/Src/7segmentLED.o
 .debug_macro   0x0000000000001119      0x1df ./Core/Src/7segmentLED.o
 .debug_macro   0x00000000000012f8       0x1c ./Core/Src/7segmentLED.o
 .debug_macro   0x0000000000001314       0x22 ./Core/Src/7segmentLED.o
 .debug_macro   0x0000000000001336       0xbd ./Core/Src/7segmentLED.o
 .debug_macro   0x00000000000013f3      0xd23 ./Core/Src/7segmentLED.o
 .debug_macro   0x0000000000002116     0xde75 ./Core/Src/7segmentLED.o
 .debug_macro   0x000000000000ff8b       0x6d ./Core/Src/7segmentLED.o
 .debug_macro   0x000000000000fff8     0x348d ./Core/Src/7segmentLED.o
 .debug_macro   0x0000000000013485      0x174 ./Core/Src/7segmentLED.o
 .debug_macro   0x00000000000135f9       0x5c ./Core/Src/7segmentLED.o
 .debug_macro   0x0000000000013655      0x5bc ./Core/Src/7segmentLED.o
 .debug_macro   0x0000000000013c11      0x1b7 ./Core/Src/7segmentLED.o
 .debug_macro   0x0000000000013dc8      0x1cb ./Core/Src/7segmentLED.o
 .debug_macro   0x0000000000013f93      0x114 ./Core/Src/7segmentLED.o
 .debug_macro   0x00000000000140a7      0x1b2 ./Core/Src/7segmentLED.o
 .debug_macro   0x0000000000014259       0x27 ./Core/Src/7segmentLED.o
 .debug_macro   0x0000000000014280      0x12f ./Core/Src/7segmentLED.o
 .debug_macro   0x00000000000143af      0x1bc ./Core/Src/7segmentLED.o
 .debug_macro   0x000000000001456b       0x34 ./Core/Src/7segmentLED.o
 .debug_macro   0x000000000001459f       0x3c ./Core/Src/7segmentLED.o
 .debug_macro   0x00000000000145db       0x57 ./Core/Src/7segmentLED.o
 .debug_macro   0x0000000000014632       0x87 ./Core/Src/7segmentLED.o
 .debug_macro   0x00000000000146b9      0x183 ./Core/Src/7segmentLED.o
 .debug_macro   0x000000000001483c      0x140 ./Core/Src/7segmentLED.o
 .debug_macro   0x000000000001497c      0x8ed ./Core/Src/7segmentLED.o
 .debug_macro   0x0000000000015269       0x69 ./Core/Src/7segmentLED.o
 .debug_macro   0x00000000000152d2       0xf4 ./Core/Src/7segmentLED.o
 .debug_macro   0x00000000000153c6      0x1b5 ./Core/Src/button.o
 .debug_macro   0x000000000001557b       0x3a ./Core/Src/button.o
 .debug_macro   0x00000000000155b5      0x1c3 ./Core/Src/fsm_traffic.o
 .debug_macro   0x0000000000015778      0x1c7 ./Core/Src/main.o
 .debug_macro   0x000000000001593f       0x40 ./Core/Src/main.o
 .debug_macro   0x000000000001597f      0x1a6 ./Core/Src/stm32f1xx_hal_msp.o
 .debug_macro   0x0000000000015b25      0x1b0 ./Core/Src/stm32f1xx_it.o
 .debug_macro   0x0000000000015cd5      0x197 ./Core/Src/system_stm32f1xx.o
 .debug_macro   0x0000000000015e6c      0x1b9 ./Core/Src/timer.o
 .debug_macro   0x0000000000016025      0x1bb ./Drivers/STM32F1xx_HAL_Driver/Src/stm32f1xx_hal.o
 .debug_macro   0x00000000000161e0      0x197 ./Drivers/STM32F1xx_HAL_Driver/Src/stm32f1xx_hal_cortex.o
 .debug_macro   0x0000000000016377      0x202 ./Drivers/STM32F1xx_HAL_Driver/Src/stm32f1xx_hal_gpio.o
 .debug_macro   0x0000000000016579      0x1a9 ./Drivers/STM32F1xx_HAL_Driver/Src/stm32f1xx_hal_rcc.o
 .debug_macro   0x0000000000016722      0x198 ./Drivers/STM32F1xx_HAL_Driver/Src/stm32f1xx_hal_tim.o
 .debug_macro   0x00000000000168ba      0x197 ./Drivers/STM32F1xx_HAL_Driver/Src/stm32f1xx_hal_tim_ex.o

.debug_line     0x0000000000000000     0xb92a
 .debug_line    0x0000000000000000      0x760 ./Core/Src/7segmentLED.o
 .debug_line    0x0000000000000760      0x81c ./Core/Src/button.o
 .debug_line    0x0000000000000f7c      0x967 ./Core/Src/fsm_traffic.o
 .debug_line    0x00000000000018e3      0x84c ./Core/Src/main.o
 .debug_line    0x000000000000212f      0x721 ./Core/Src/stm32f1xx_hal_msp.o
 .debug_line    0x0000000000002850      0x7bf ./Core/Src/stm32f1xx_it.o
 .debug_line    0x000000000000300f      0x763 ./Core/Src/system_stm32f1xx.o
 .debug_line    0x0000000000003772      0x799 ./Core/Src/timer.o
 .debug_line    0x0000000000003f0b       0x78 ./Core/Startup/startup_stm32f103c6tx.o
 .debug_line    0x0000000000003f83      0x990 ./Drivers/STM32F1xx_HAL_Driver/Src/stm32f1xx_hal.o
 .debug_line    0x0000000000004913      0xb78 ./Drivers/STM32F1xx_HAL_Driver/Src/stm32f1xx_hal_cortex.o
 .debug_line    0x000000000000548b      0xa14 ./Drivers/STM32F1xx_HAL_Driver/Src/stm32f1xx_hal_gpio.o
 .debug_line    0x0000000000005e9f      0xd99 ./Drivers/STM32F1xx_HAL_Driver/Src/stm32f1xx_hal_rcc.o
 .debug_line    0x0000000000006c38     0x3433 ./Drivers/STM32F1xx_HAL_Driver/Src/stm32f1xx_hal_tim.o
 .debug_line    0x000000000000a06b     0x18bf ./Drivers/STM32F1xx_HAL_Driver/Src/stm32f1xx_hal_tim_ex.o

.debug_str      0x0000000000000000    0x82478
 .debug_str     0x0000000000000000    0x7f689 ./Core/Src/7segmentLED.o
                                      0x7f9b5 (size before relaxing)
 .debug_str     0x000000000007f689      0x1a3 ./Core/Src/button.o
                                      0x7facb (size before relaxing)
 .debug_str     0x000000000007f82c      0x1c4 ./Core/Src/fsm_traffic.o
                                      0x7fbf1 (size before relaxing)
 .debug_str     0x000000000007f9f0      0x80c ./Core/Src/main.o
                                      0x8030c (size before relaxing)
 .debug_str     0x00000000000801fc      0x300 ./Core/Src/stm32f1xx_hal_msp.o
                                      0x80138 (size before relaxing)
 .debug_str     0x00000000000804fc       0xec ./Core/Src/stm32f1xx_it.o
                                      0x7fe73 (size before relaxing)
 .debug_str     0x00000000000805e8       0x88 ./Core/Src/system_stm32f1xx.o
                                      0x7f63c (size before relaxing)
 .debug_str     0x0000000000080670       0x54 ./Core/Src/timer.o
                                      0x7fa43 (size before relaxing)
 .debug_str     0x00000000000806c4       0x34 ./Core/Startup/startup_stm32f103c6tx.o
                                         0x72 (size before relaxing)
 .debug_str     0x00000000000806f8      0x38e ./Drivers/STM32F1xx_HAL_Driver/Src/stm32f1xx_hal.o
                                      0x7fd35 (size before relaxing)
 .debug_str     0x0000000000080a86      0x294 ./Drivers/STM32F1xx_HAL_Driver/Src/stm32f1xx_hal_cortex.o
                                      0x7fc81 (size before relaxing)
 .debug_str     0x0000000000080d1a      0x2d2 ./Drivers/STM32F1xx_HAL_Driver/Src/stm32f1xx_hal_gpio.o
                                      0x7f9c2 (size before relaxing)
 .debug_str     0x0000000000080fec      0x229 ./Drivers/STM32F1xx_HAL_Driver/Src/stm32f1xx_hal_rcc.o
                                      0x7fa6b (size before relaxing)
 .debug_str     0x0000000000081215      0xdd0 ./Drivers/STM32F1xx_HAL_Driver/Src/stm32f1xx_hal_tim.o
                                      0x80a5d (size before relaxing)
 .debug_str     0x0000000000081fe5      0x493 ./Drivers/STM32F1xx_HAL_Driver/Src/stm32f1xx_hal_tim_ex.o
                                      0x80279 (size before relaxing)

.debug_frame    0x0000000000000000     0x2938
 .debug_frame   0x0000000000000000       0x74 ./Core/Src/7segmentLED.o
 .debug_frame   0x0000000000000074       0xac ./Core/Src/button.o
 .debug_frame   0x0000000000000120      0x180 ./Core/Src/fsm_traffic.o
 .debug_frame   0x00000000000002a0       0xd4 ./Core/Src/main.o
 .debug_frame   0x0000000000000374       0x80 ./Core/Src/stm32f1xx_hal_msp.o
 .debug_frame   0x00000000000003f4      0x120 ./Core/Src/stm32f1xx_it.o
 .debug_frame   0x0000000000000514       0x58 ./Core/Src/system_stm32f1xx.o
 .debug_frame   0x000000000000056c       0xd0 ./Core/Src/timer.o
 .debug_frame   0x000000000000063c      0x334 ./Drivers/STM32F1xx_HAL_Driver/Src/stm32f1xx_hal.o
 .debug_frame   0x0000000000000970      0x428 ./Drivers/STM32F1xx_HAL_Driver/Src/stm32f1xx_hal_cortex.o
 .debug_frame   0x0000000000000d98      0x14c ./Drivers/STM32F1xx_HAL_Driver/Src/stm32f1xx_hal_gpio.o
 .debug_frame   0x0000000000000ee4      0x218 ./Drivers/STM32F1xx_HAL_Driver/Src/stm32f1xx_hal_rcc.o
 .debug_frame   0x00000000000010fc     0x11b8 ./Drivers/STM32F1xx_HAL_Driver/Src/stm32f1xx_hal_tim.o
 .debug_frame   0x00000000000022b4      0x638 ./Drivers/STM32F1xx_HAL_Driver/Src/stm32f1xx_hal_tim_ex.o
 .debug_frame   0x00000000000028ec       0x20 C:/ST/STM32CubeIDE_1.13.2/STM32CubeIDE/plugins/com.st.stm32cube.ide.mcu.externaltools.gnu-tools-for-stm32.11.3.rel1.win32_1.1.1.202309131626/tools/bin/../lib/gcc/arm-none-eabi/11.3.1/../../../../arm-none-eabi/lib/thumb/v7-m/nofp\libc_nano.a(libc_a-memset.o)
 .debug_frame   0x000000000000290c       0x2c C:/ST/STM32CubeIDE_1.13.2/STM32CubeIDE/plugins/com.st.stm32cube.ide.mcu.externaltools.gnu-tools-for-stm32.11.3.rel1.win32_1.1.1.202309131626/tools/bin/../lib/gcc/arm-none-eabi/11.3.1/../../../../arm-none-eabi/lib/thumb/v7-m/nofp\libc_nano.a(libc_a-init.o)

.debug_line_str
                0x0000000000000000       0x66
 .debug_line_str
                0x0000000000000000       0x66 ./Core/Startup/startup_stm32f103c6tx.o
                                         0x7e (size before relaxing)
