../Core/Src/fsm_traffic.c:42:6:clearAllLED	8	static
../Core/Src/fsm_traffic.c:51:6:run_traffic	8	static
../Core/Src/fsm_traffic.c:108:6:update7SEG	16	static
../Core/Src/fsm_traffic.c:136:6:set_up_led_buffer	16	static
../Core/Src/fsm_traffic.c:143:6:display_4LED	8	static
../Core/Src/fsm_traffic.c:149:6:blinking_led_mode	16	static
../Core/Src/fsm_traffic.c:153:5:checkValid	4	static
../Core/Src/fsm_traffic.c:156:6:checkButton	8	static
../Core/Src/fsm_traffic.c:186:6:run_led_traffic	8	static
../Core/Src/fsm_traffic.c:194:6:modify_mode	8	static
../Core/Src/fsm_traffic.c:199:6:fsm	8	static
../Core/Src/fsm_traffic.c:206:6:init	8	static
